(node:8748) [UNDICI-EHPA] Warning: EnvHttpProxyAgent is experimental, expect them to change at any time.
(Use `node --trace-warnings ...` to show where the warning was created)
(node:38324) [UNDICI-EHPA] Warning: EnvHttpProxyAgent is experimental, expect them to change at any time.
(Use `node --trace-warnings ...` to show where the warning was created)

> @zdj/engine@3.9.7 test
> vitest run src/services/entrySubmissionIdentity.integration.test.ts src/services/tradingQualityCollectorSummary.test.ts src/services/tradingQualityIntegration.test.ts src/config/settingsStore.test.ts src/runtime/v393FrozenEntryRestart.test.ts --maxWorkers=1

(node:15952) [UNDICI-EHPA] Warning: EnvHttpProxyAgent is experimental, expect them to change at any time.
(Use `node --trace-warnings ...` to show where the warning was created)
VITEST_TEST_TIMEOUT=5000 CI=

 RUN  v3.2.7 D:/MITS-WORKTREES/v397-runtime-write-amplification-20261008/apps/engine

(node:19368) [UNDICI-EHPA] Warning: EnvHttpProxyAgent is experimental, expect them to change at any time.
(Use `node --trace-warnings ...` to show where the warning was created)
(node:19368) ExperimentalWarning: SQLite is an experimental feature and might change at any time
 ✓ src/config/settingsStore.test.ts (32 tests) 5635ms
   ✓ SettingsStore > keeps in-range migrated floors untouched and migrates a legacy document exactly once  480ms
   ✓ SettingsStore > paginates compact AI summaries in SQL with a stable tie-break and keeps full detail by id  329ms
   ✓ runs bounded retention, keeps raw running AI and all critical events, and evicts only orphan AI entities  454ms
(node:39004) [UNDICI-EHPA] Warning: EnvHttpProxyAgent is experimental, expect them to change at any time.
(Use `node --trace-warnings ...` to show where the warning was created)
(node:39004) ExperimentalWarning: SQLite is an experimental feature and might change at any time
 ✓ src/services/tradingQualityIntegration.test.ts (30 tests) 955ms
(node:32376) [UNDICI-EHPA] Warning: EnvHttpProxyAgent is experimental, expect them to change at any time.
(Use `node --trace-warnings ...` to show where the warning was created)
(node:32376) ExperimentalWarning: SQLite is an experimental feature and might change at any time
 ❯ src/services/entrySubmissionIdentity.integration.test.ts (11 tests | 1 failed) 1290ms
   × unchanged journal reconciliation performs no write but expired UNKNOWN proof reactivates its exact claim 119ms
     → expected { active: 1, released_at: +0 } to match object { active: +0, …(1) }
   ✓ the cross-Intent ENTRY scope unique index is gone and is replaced by two distinct controls 115ms
   ✓ funds-only: a historical UNKNOWN claim on the same underlying cannot veto a new Intent 118ms
   ✓ Production legacy mode still excludes a second Intent on the same underlying 113ms
   ✓ the same Intent replays to its own identity and is never given a second submit right 115ms
   ✓ two concurrent writers on one Intent produce exactly one active row 124ms
   ✓ a released submission identity is not revived by a later claim of the same Intent 117ms
   ✓ a journal conflict keeps its own cause instead of becoming a reservation error 121ms
   ✓ funds-only rows never participate in the legacy unique index 114ms
   ✓ restarting on a funds-only ledger does not resurrect the scope veto index 122ms
   ✓ WORKING replay cannot authorize another submit; client identity and payload cannot fork 111ms
(node:21340) [UNDICI-EHPA] Warning: EnvHttpProxyAgent is experimental, expect them to change at any time.
(Use `node --trace-warnings ...` to show where the warning was created)
(node:21340) ExperimentalWarning: SQLite is an experimental feature and might change at any time
(node:21340) [UNDICI-EHPA] Warning: EnvHttpProxyAgent is experimental, expect them to change at any time.
(Use `node --trace-warnings ...` to show where the warning was created)
 ✓ src/runtime/v393FrozenEntryRestart.test.ts (1 test) 303ms
   ✓ V3.9.3 frozen Entry authorization restart persistence > preserves AI side, quantityUnits, acceptable range and pre-AI envelope through SQLite and Engine restart  302ms
(node:43720) [UNDICI-EHPA] Warning: EnvHttpProxyAgent is experimental, expect them to change at any time.
(Use `node --trace-warnings ...` to show where the warning was created)
(node:43720) ExperimentalWarning: SQLite is an experimental feature and might change at any time
 ✓ src/services/tradingQualityCollectorSummary.test.ts (3 tests) 3850ms
   ✓ keeps exact mutable fill evidence across a 30000-event burst and database reopen  3655ms

⎯⎯⎯⎯⎯⎯⎯ Failed Tests 1 ⎯⎯⎯⎯⎯⎯⎯

 FAIL  src/services/entrySubmissionIdentity.integration.test.ts > unchanged journal reconciliation performs no write but expired UNKNOWN proof reactivates its exact claim
AssertionError: expected { active: 1, released_at: +0 } to match object { active: +0, …(1) }

- Expected
+ Received

  {
-   "active": 0,
-   "released_at": 1791417280754,
+   "active": 1,
+   "released_at": 0,
  }

 ❯ src/services/entrySubmissionIdentity.integration.test.ts:52:116
     50|   const record=recordOf(order);store.claimEntryExecution(entryScope('s…
     51|   const db=(store as any).db,before=Number(db.prepare('SELECT total_ch…
     52|   expect(db.prepare('SELECT active,released_at FROM entry_execution_ta…
       |                                                                                                                    ^
     53|   clock.mockReturnValue(now+50);store.saveEntryExecution(record);
     54|   expect(Number(db.prepare('SELECT total_changes() n').get().n)).toBe(…

⎯⎯⎯⎯⎯⎯⎯⎯⎯⎯⎯⎯⎯⎯⎯⎯⎯⎯⎯⎯⎯⎯⎯⎯[1/1]⎯


 Test Files  1 failed | 4 passed (5)
      Tests  1 failed | 76 passed (77)
   Start at  07:54:31
   Duration  16.79s (transform 1.37s, setup 0ms, collect 3.07s, tests 12.03s, environment 1ms, prepare 725ms)

(node:37648) [UNDICI-EHPA] Warning: EnvHttpProxyAgent is experimental, expect them to change at any time.
(Use `node --trace-warnings ...` to show where the warning was created)
npm error Lifecycle script `test` failed with error:
npm error code 1
npm error path D:\MITS-WORKTREES\v397-runtime-write-amplification-20261008\apps\engine
npm error workspace @zdj/engine@3.9.7
npm error location D:\MITS-WORKTREES\v397-runtime-write-amplification-20261008\apps\engine
npm error command failed
npm error command C:\Windows\system32\cmd.exe /d /s /c vitest run src/services/entrySubmissionIdentity.integration.test.ts src/services/tradingQualityCollectorSummary.test.ts src/services/tradingQualityIntegration.test.ts src/config/settingsStore.test.ts src/runtime/v393FrozenEntryRestart.test.ts --maxWorkers=1
