(node:34972) [UNDICI-EHPA] Warning: EnvHttpProxyAgent is experimental, expect them to change at any time.
(Use `node --trace-warnings ...` to show where the warning was created)
(node:29784) [UNDICI-EHPA] Warning: EnvHttpProxyAgent is experimental, expect them to change at any time.
(Use `node --trace-warnings ...` to show where the warning was created)

> @zdj/engine@3.9.7 test
> vitest run src/services/tradeLearningP0.test.ts src/services/tradeRecordSyncService.test.ts src/services/tradingEpisodeEvidence.test.ts src/services/tradingQualityBaseline.test.ts src/services/tradingQualityObserverWorker.test.ts src/services/exitFactsAndFunding.test.ts

(node:44960) [UNDICI-EHPA] Warning: EnvHttpProxyAgent is experimental, expect them to change at any time.
(Use `node --trace-warnings ...` to show where the warning was created)
VITEST_TEST_TIMEOUT=5000 CI=

 RUN  v3.2.7 D:/MITS-WORKTREES/v397-trade-learning-p0-20261008/apps/engine

(node:35900) [UNDICI-EHPA] Warning: EnvHttpProxyAgent is experimental, expect them to change at any time.
(Use `node --trace-warnings ...` to show where the warning was created)
(node:41524) [UNDICI-EHPA] Warning: EnvHttpProxyAgent is experimental, expect them to change at any time.
(Use `node --trace-warnings ...` to show where the warning was created)
(node:13696) [UNDICI-EHPA] Warning: EnvHttpProxyAgent is experimental, expect them to change at any time.
(Use `node --trace-warnings ...` to show where the warning was created)
(node:22508) [UNDICI-EHPA] Warning: EnvHttpProxyAgent is experimental, expect them to change at any time.
(Use `node --trace-warnings ...` to show where the warning was created)
(node:35900) ExperimentalWarning: SQLite is an experimental feature and might change at any time
(node:13696) ExperimentalWarning: SQLite is an experimental feature and might change at any time
(node:20560) [UNDICI-EHPA] Warning: EnvHttpProxyAgent is experimental, expect them to change at any time.
(Use `node --trace-warnings ...` to show where the warning was created)
(node:15092) [UNDICI-EHPA] Warning: EnvHttpProxyAgent is experimental, expect them to change at any time.
(Use `node --trace-warnings ...` to show where the warning was created)
(node:35900) [UNDICI-EHPA] Warning: EnvHttpProxyAgent is experimental, expect them to change at any time.
(Use `node --trace-warnings ...` to show where the warning was created)
 ✓ src/services/tradingQualityBaseline.test.ts (4 tests) 5ms
(node:35900) ExperimentalWarning: SQLite is an experimental feature and might change at any time
 ✓ src/services/tradingQualityObserverWorker.test.ts (1 test) 158ms
(node:47272) [UNDICI-EHPA] Warning: EnvHttpProxyAgent is experimental, expect them to change at any time.
(Use `node --trace-warnings ...` to show where the warning was created)
 ✓ src/services/tradingEpisodeEvidence.test.ts (10 tests) 12ms
(node:2480) [UNDICI-EHPA] Warning: EnvHttpProxyAgent is experimental, expect them to change at any time.
(Use `node --trace-warnings ...` to show where the warning was created)
 ✓ src/services/tradeRecordSyncService.test.ts (3 tests) 13ms
(node:32456) [UNDICI-EHPA] Warning: EnvHttpProxyAgent is experimental, expect them to change at any time.
(Use `node --trace-warnings ...` to show where the warning was created)

⎯⎯⎯⎯⎯⎯ Failed Suites 2 ⎯⎯⎯⎯⎯⎯⎯

 FAIL  src/services/exitFactsAndFunding.test.ts [ src/services/exitFactsAndFunding.test.ts ]
 FAIL  src/services/tradeLearningP0.test.ts [ src/services/tradeLearningP0.test.ts ]
Error: Transform failed with 1 error:
D:/MITS-WORKTREES/v397-trade-learning-p0-20261008/apps/engine/src/services/fundingIncomeLedger.ts:70:144: ERROR: Expected ")" but found "{"
  Plugin: vite:esbuild
  File: D:/MITS-WORKTREES/v397-trade-learning-p0-20261008/apps/engine/src/services/fundingIncomeLedger.ts:70:144
  
  Expected ")" but found "{"
  68 |          const result=statement.run(incomeId,environment,accountId,asset,text(row.symbol),numberType(row.incomeType),i...
  69 |          if(result.changes)inserted++;else {duplicates++;const prior=this.db.prepare('SELECT income,asset,symbol,time ...
  70 |  ...l!==text(row.symbol)||Number(prior.time)!==Math.trunc(time)){
     |                                                                 ^
  71 |              this.db.prepare('INSERT INTO v397_income_conflicts VALUES(?,?,?,?,?,?,?)').run(environment,accountId,prio...
  72 |            }
  
 ❯ failureErrorWithLog ../../../reactivity-checkpoint-20261008/node_modules/esbuild/lib/main.js:1752:15
 ❯ ../../../reactivity-checkpoint-20261008/node_modules/esbuild/lib/main.js:1019:50
 ❯ responseCallbacks.<computed> ../../../reactivity-checkpoint-20261008/node_modules/esbuild/lib/main.js:886:9
 ❯ handleIncomingPacket ../../../reactivity-checkpoint-20261008/node_modules/esbuild/lib/main.js:941:12
 ❯ Socket.readFromStdout ../../../reactivity-checkpoint-20261008/node_modules/esbuild/lib/main.js:864:7

⎯⎯⎯⎯⎯⎯⎯⎯⎯⎯⎯⎯⎯⎯⎯⎯⎯⎯⎯⎯⎯⎯⎯⎯[1/2]⎯


 Test Files  2 failed | 4 passed (6)
      Tests  18 passed (18)
   Start at  19:55:59
   Duration  923ms (transform 411ms, setup 0ms, collect 1.09s, tests 189ms, environment 1ms, prepare 551ms)

(node:9420) [UNDICI-EHPA] Warning: EnvHttpProxyAgent is experimental, expect them to change at any time.
(Use `node --trace-warnings ...` to show where the warning was created)
npm error Lifecycle script `test` failed with error:
npm error code 1
npm error path D:\MITS-WORKTREES\v397-trade-learning-p0-20261008\apps\engine
npm error workspace @zdj/engine@3.9.7
npm error location D:\MITS-WORKTREES\v397-trade-learning-p0-20261008\apps\engine
npm error command failed
npm error command C:\Windows\system32\cmd.exe /d /s /c vitest run src/services/tradeLearningP0.test.ts src/services/tradeRecordSyncService.test.ts src/services/tradingEpisodeEvidence.test.ts src/services/tradingQualityBaseline.test.ts src/services/tradingQualityObserverWorker.test.ts src/services/exitFactsAndFunding.test.ts
