(node:7332) [UNDICI-EHPA] Warning: EnvHttpProxyAgent is experimental, expect them to change at any time.
(Use `node --trace-warnings ...` to show where the warning was created)
(node:35312) [UNDICI-EHPA] Warning: EnvHttpProxyAgent is experimental, expect them to change at any time.
(Use `node --trace-warnings ...` to show where the warning was created)

> @zdj/engine@3.9.7 test
> vitest run src/services/tradeLearningP0.test.ts src/services/j3TradePlanHostile.test.ts src/services/targetHorizonContract.test.ts src/services/tradingQualityIntegration.test.ts src/services/tradingQualityV393.test.ts src/services/tradingQualityObserverWorker.test.ts src/services/tradeRecordSyncService.test.ts src/services/tradeAuditProvenance.test.ts

(node:39388) [UNDICI-EHPA] Warning: EnvHttpProxyAgent is experimental, expect them to change at any time.
(Use `node --trace-warnings ...` to show where the warning was created)
VITEST_TEST_TIMEOUT=5000 CI=

 RUN  v3.2.7 D:/MITS-WORKTREES/v397-trade-learning-p0-20261008/apps/engine

(node:9888) [UNDICI-EHPA] Warning: EnvHttpProxyAgent is experimental, expect them to change at any time.
(Use `node --trace-warnings ...` to show where the warning was created)
(node:14312) [UNDICI-EHPA] Warning: EnvHttpProxyAgent is experimental, expect them to change at any time.
(Use `node --trace-warnings ...` to show where the warning was created)
(node:30876) [UNDICI-EHPA] Warning: EnvHttpProxyAgent is experimental, expect them to change at any time.
(Use `node --trace-warnings ...` to show where the warning was created)
(node:27860) [UNDICI-EHPA] Warning: EnvHttpProxyAgent is experimental, expect them to change at any time.
(Use `node --trace-warnings ...` to show where the warning was created)
(node:30876) ExperimentalWarning: SQLite is an experimental feature and might change at any time
 ✓ src/services/tradeLearningP0.test.ts (20 tests) 30ms
(node:9584) [UNDICI-EHPA] Warning: EnvHttpProxyAgent is experimental, expect them to change at any time.
(Use `node --trace-warnings ...` to show where the warning was created)
 ✓ src/services/tradingQualityV393.test.ts (10 tests) 7ms
(node:14312) ExperimentalWarning: SQLite is an experimental feature and might change at any time
(node:28516) [UNDICI-EHPA] Warning: EnvHttpProxyAgent is experimental, expect them to change at any time.
(Use `node --trace-warnings ...` to show where the warning was created)
 ✓ src/services/targetHorizonContract.test.ts (4 tests) 105ms
(node:25704) [UNDICI-EHPA] Warning: EnvHttpProxyAgent is experimental, expect them to change at any time.
(Use `node --trace-warnings ...` to show where the warning was created)
(node:25704) ExperimentalWarning: SQLite is an experimental feature and might change at any time
 ❯ src/services/tradeRecordSyncService.test.ts (3 tests | 2 failed) 17ms
   × TradeRecord manual sync > previews without mutation and repeats explicit apply idempotently with durable identity 13ms
     → Cannot read properties of undefined (reading 'exchange')
   ✓ TradeRecord manual sync > refuses symbol/time-only reconstruction when no durable owner exists 1ms
   × TradeRecord manual sync > conserves all five EC1 manual reduce fills using exact order links 2ms
     → Cannot read properties of undefined (reading 'exchange')
 ✓ src/services/j3TradePlanHostile.test.ts (24 tests) 469ms
(node:8644) [UNDICI-EHPA] Warning: EnvHttpProxyAgent is experimental, expect them to change at any time.
(Use `node --trace-warnings ...` to show where the warning was created)
(node:49312) [UNDICI-EHPA] Warning: EnvHttpProxyAgent is experimental, expect them to change at any time.
(Use `node --trace-warnings ...` to show where the warning was created)
(node:25704) [UNDICI-EHPA] Warning: EnvHttpProxyAgent is experimental, expect them to change at any time.
(Use `node --trace-warnings ...` to show where the warning was created)
 ❯ src/services/tradingQualityObserverWorker.test.ts (1 test | 1 failed) 55ms
   × runs compiled evidence worker in an isolated database, without trading authority 54ms
     → Cannot find module 'D:\MITS-WORKTREES\v397-trade-learning-p0-20261008\apps\engine\dist\workers\tradingQualityObserverWorker.js'
 ✓ src/services/tradeAuditProvenance.test.ts (1 test) 3ms
(node:26060) [UNDICI-EHPA] Warning: EnvHttpProxyAgent is experimental, expect them to change at any time.
(Use `node --trace-warnings ...` to show where the warning was created)
(node:21452) [UNDICI-EHPA] Warning: EnvHttpProxyAgent is experimental, expect them to change at any time.
(Use `node --trace-warnings ...` to show where the warning was created)
 ✓ src/services/tradingQualityIntegration.test.ts (30 tests) 1185ms

⎯⎯⎯⎯⎯⎯⎯ Failed Tests 3 ⎯⎯⎯⎯⎯⎯⎯

 FAIL  src/services/tradeRecordSyncService.test.ts > TradeRecord manual sync > previews without mutation and repeats explicit apply idempotently with durable identity
TypeError: Cannot read properties of undefined (reading 'exchange')
 ❯ projectTradeLearningFacts src/services/tradeLearningFacts.ts:9:36

 ❯ projectTradeRecordRow src/services/tradeRecordReadModel.ts:10:107
 ❯ TradeRecordSyncService.apply src/services/tradeRecordSyncService.ts:65:1827
 ❯ src/services/tradeRecordSyncService.test.ts:19:23

⎯⎯⎯⎯⎯⎯⎯⎯⎯⎯⎯⎯⎯⎯⎯⎯⎯⎯⎯⎯⎯⎯⎯⎯[1/3]⎯

 FAIL  src/services/tradeRecordSyncService.test.ts > TradeRecord manual sync > conserves all five EC1 manual reduce fills using exact order links
TypeError: Cannot read properties of undefined (reading 'exchange')
 ❯ projectTradeLearningFacts src/services/tradeLearningFacts.ts:9:36

 ❯ projectTradeRecordRow src/services/tradeRecordReadModel.ts:10:107
 ❯ TradeRecordSyncService.apply src/services/tradeRecordSyncService.ts:65:1827
 ❯ src/services/tradeRecordSyncService.test.ts:27:24

⎯⎯⎯⎯⎯⎯⎯⎯⎯⎯⎯⎯⎯⎯⎯⎯⎯⎯⎯⎯⎯⎯⎯⎯[2/3]⎯

 FAIL  src/services/tradingQualityObserverWorker.test.ts > runs compiled evidence worker in an isolated database, without trading authority
Error: Cannot find module 'D:\MITS-WORKTREES\v397-trade-learning-p0-20261008\apps\engine\dist\workers\tradingQualityObserverWorker.js'
⎯⎯⎯⎯⎯⎯⎯⎯⎯⎯⎯⎯⎯⎯⎯⎯⎯⎯⎯⎯⎯⎯⎯⎯[3/3]⎯


 Test Files  2 failed | 6 passed (8)
      Tests  3 failed | 90 passed (93)
   Start at  19:52:32
   Duration  2.37s (transform 853ms, setup 0ms, collect 3.09s, tests 1.87s, environment 1ms, prepare 698ms)

(node:49060) [UNDICI-EHPA] Warning: EnvHttpProxyAgent is experimental, expect them to change at any time.
(Use `node --trace-warnings ...` to show where the warning was created)
npm error Lifecycle script `test` failed with error:
npm error code 1
npm error path D:\MITS-WORKTREES\v397-trade-learning-p0-20261008\apps\engine
npm error workspace @zdj/engine@3.9.7
npm error location D:\MITS-WORKTREES\v397-trade-learning-p0-20261008\apps\engine
npm error command failed
npm error command C:\Windows\system32\cmd.exe /d /s /c vitest run src/services/tradeLearningP0.test.ts src/services/j3TradePlanHostile.test.ts src/services/targetHorizonContract.test.ts src/services/tradingQualityIntegration.test.ts src/services/tradingQualityV393.test.ts src/services/tradingQualityObserverWorker.test.ts src/services/tradeRecordSyncService.test.ts src/services/tradeAuditProvenance.test.ts
