(node:20148) [UNDICI-EHPA] Warning: EnvHttpProxyAgent is experimental, expect them to change at any time.
(Use `node --trace-warnings ...` to show where the warning was created)
(node:22816) [UNDICI-EHPA] Warning: EnvHttpProxyAgent is experimental, expect them to change at any time.
(Use `node --trace-warnings ...` to show where the warning was created)

> zdj-mits-v3@3.9.8 build
> npm run build -ws --if-present

(node:16416) [UNDICI-EHPA] Warning: EnvHttpProxyAgent is experimental, expect them to change at any time.
(Use `node --trace-warnings ...` to show where the warning was created)
(node:6072) [UNDICI-EHPA] Warning: EnvHttpProxyAgent is experimental, expect them to change at any time.
(Use `node --trace-warnings ...` to show where the warning was created)

> @zdj/contracts@3.9.8 build
> tsc -p tsconfig.json


> @zdj/core@3.9.8 build
> tsc -p tsconfig.json


> @zdj/dashboard@3.9.8 build
> vue-tsc -b && vite build

(node:25300) [UNDICI-EHPA] Warning: EnvHttpProxyAgent is experimental, expect them to change at any time.
(Use `node --trace-warnings ...` to show where the warning was created)
vite v7.3.6 building client environment for production...
transforming...
✓ 2233 modules transformed.
rendering chunks...
computing gzip size...
dist/index.html                                                                0.42 kB │ gzip:   0.30 kB
dist/assets/BrainView-C19KGV8J.css                                             0.41 kB │ gzip:   0.25 kB
dist/assets/SettingsView-DpBJNmpc.css                                          4.20 kB │ gzip:   1.10 kB
dist/assets/PerformanceView-DBvPDAN8.css                                       6.60 kB │ gzip:   1.52 kB
dist/assets/index-2bhk4SYA.css                                                42.87 kB │ gzip:   9.82 kB
dist/assets/positionModel-UU3TmqIC.js                                          0.28 kB │ gzip:   0.20 kB
dist/assets/EmptyState.vue_vue_type_script_setup_true_lang-BtwBN0NA.js         0.30 kB │ gzip:   0.24 kB
dist/assets/format-BTnsUY7D.js                                                 0.37 kB │ gzip:   0.28 kB
dist/assets/Panel.vue_vue_type_script_setup_true_lang-BeMxSH_g.js              0.56 kB │ gzip:   0.34 kB
dist/assets/StatusBadge.vue_vue_type_script_setup_true_lang-D78H45s4.js        0.58 kB │ gzip:   0.40 kB
dist/assets/MemoryView-BLzuARu5.js                                             2.35 kB │ gzip:   1.18 kB
dist/assets/UniverseView-OggEQ8QG.js                                           4.95 kB │ gzip:   2.15 kB
dist/assets/HumanManagedView-CMkIyGdG.js                                       6.89 kB │ gzip:   3.10 kB
dist/assets/PositionsView-Cghr_XbQ.js                                          7.30 kB │ gzip:   3.15 kB
dist/assets/OrdersView-DvttlRfh.js                                             7.42 kB │ gzip:   2.74 kB
dist/assets/IntelligenceView-0XzecXFc.js                                       7.89 kB │ gzip:   2.85 kB
dist/assets/OperationsView-B8347Rxg.js                                         8.24 kB │ gzip:   3.42 kB
dist/assets/TemporalIntelligenceView-DJ6By59j.js                               8.25 kB │ gzip:   3.03 kB
dist/assets/PositionConsole.vue_vue_type_script_setup_true_lang-DTDwbjjr.js   13.21 kB │ gzip:   5.62 kB
dist/assets/BrainView-CrtBh5e4.js                                             15.17 kB │ gzip:   6.03 kB
dist/assets/TradeRecordsView-72kUCMEf.js                                      23.79 kB │ gzip:   8.79 kB
dist/assets/OverviewView-CD_oxvr4.js                                          47.91 kB │ gzip:  16.12 kB
dist/assets/SettingsView-Cj6zI0av.js                                          75.65 kB │ gzip:  22.09 kB
dist/assets/index-B5N_4Jqv.js                                                283.94 kB │ gzip:  86.89 kB
dist/assets/PerformanceView-D7oLwJGA.js                                      544.10 kB │ gzip: 183.55 kB

(!) Some chunks are larger than 500 kB after minification. Consider:
- Using dynamic import() to code-split the application
- Use build.rollupOptions.output.manualChunks to improve chunking: https://rollupjs.org/configuration-options/#output-manualchunks
- Adjust chunk size limit for this warning via build.chunkSizeWarningLimit.
✓ built in 8.53s

> @zdj/engine@3.9.8 build
> tsc -p tsconfig.json
