(node:16736) [UNDICI-EHPA] Warning: EnvHttpProxyAgent is experimental, expect them to change at any time.
(Use `node --trace-warnings ...` to show where the warning was created)
(node:17900) [UNDICI-EHPA] Warning: EnvHttpProxyAgent is experimental, expect them to change at any time.
(Use `node --trace-warnings ...` to show where the warning was created)

> @zdj/engine@3.9.8 test
> vitest run src/services/trade24hReadModel.test.ts src/services/exitProvenanceConflictReasons.test.ts src/services/tradeRecordReadModel.test.ts

(node:25536) [UNDICI-EHPA] Warning: EnvHttpProxyAgent is experimental, expect them to change at any time.
(Use `node --trace-warnings ...` to show where the warning was created)
VITEST_TEST_TIMEOUT=5000 CI=

 RUN  v3.2.7 D:/MITS-WORKTREES/v398-trade24h/apps/engine

(node:8864) [UNDICI-EHPA] Warning: EnvHttpProxyAgent is experimental, expect them to change at any time.
(Use `node --trace-warnings ...` to show where the warning was created)
(node:3792) [UNDICI-EHPA] Warning: EnvHttpProxyAgent is experimental, expect them to change at any time.
(Use `node --trace-warnings ...` to show where the warning was created)
(node:21112) [UNDICI-EHPA] Warning: EnvHttpProxyAgent is experimental, expect them to change at any time.
(Use `node --trace-warnings ...` to show where the warning was created)
(node:23904) [UNDICI-EHPA] Warning: EnvHttpProxyAgent is experimental, expect them to change at any time.
(Use `node --trace-warnings ...` to show where the warning was created)
 ✓ src/services/exitProvenanceConflictReasons.test.ts (4 tests) 9ms
(node:26332) [UNDICI-EHPA] Warning: EnvHttpProxyAgent is experimental, expect them to change at any time.
(Use `node --trace-warnings ...` to show where the warning was created)
 ✓ src/services/tradeRecordReadModel.test.ts (7 tests) 11ms
 ❯ src/services/trade24hReadModel.test.ts (6 tests | 3 failed) 18ms
   ✓ 24h closed-cycle native-asset PnL > reports wins, losses, fees and flat trades separately per asset without requiring funding 4ms
   × 24h closed-cycle native-asset PnL > uses half-open [from,to) boundaries without double counting future timestamps 7ms
     → expected +0 to be 1 // Object.is equality
   × 24h closed-cycle native-asset PnL > does not mix USDT with USDC or convert them to USD 4ms
     → expected { status: 'NO_ELIGIBLE_CYCLES', …(2) } to match object { …(3) }
   × 24h closed-cycle native-asset PnL > attributes full cycle once by settled close time and quarantines duplicate cycle identity 2ms
     → expected { closedRows: 4, …(9) } to match object { eligibleClosedCycles: 1, …(2) }
(7 matching properties omitted from actual)
   ✓ 24h closed-cycle native-asset PnL > does not mistake observed flat, incomplete fee, missing source or pending sync for completed gains 0ms
   ✓ 24h closed-cycle native-asset PnL > retains UNKNOWN when no complete samples exist rather than manufacturing zero profitability 0ms

⎯⎯⎯⎯⎯⎯⎯ Failed Tests 3 ⎯⎯⎯⎯⎯⎯⎯

 FAIL  src/services/trade24hReadModel.test.ts > 24h closed-cycle native-asset PnL > uses half-open [from,to) boundaries without double counting future timestamps
AssertionError: expected +0 to be 1 // Object.is equality

- Expected
+ Received

- 1
+ 0

 ❯ src/services/trade24hReadModel.test.ts:30:40
     28|     const result=project([row('inclusive','USDT',1,{closedAt:end-86_40…
     29|       row('exclusive','USDT',2,{closedAt:end})]);
     30|     expect(result.byAsset.USDT.cycles).toBe(1);
       |                                        ^
     31|     expect(result.byAsset.USDT.netExFunding).toBe(1);
     32|   });

⎯⎯⎯⎯⎯⎯⎯⎯⎯⎯⎯⎯⎯⎯⎯⎯⎯⎯⎯⎯⎯⎯⎯⎯[1/3]⎯

 FAIL  src/services/trade24hReadModel.test.ts > 24h closed-cycle native-asset PnL > does not mix USDT with USDC or convert them to USD
AssertionError: expected { status: 'NO_ELIGIBLE_CYCLES', …(2) } to match object { …(3) }

- Expected
+ Received

  {
    "asset": null,
    "netExFunding": null,
-   "status": "MULTIPLE_NATIVE_ASSETS_NO_FX",
+   "status": "NO_ELIGIBLE_CYCLES",
  }

 ❯ src/services/trade24hReadModel.test.ts:35:30
     33|   it('does not mix USDT with USDC or convert them to USD',()=>{
     34|     const result=project([row('u','USDT',4),row('c','USDC',-1)]);
     35|     expect(result.aggregate).toMatchObject({status:'MULTIPLE_NATIVE_AS…
       |                              ^
     36|     expect(result.byAsset.USDT.netExFunding).toBe(4);
     37|     expect(result.byAsset.USDC.netExFunding).toBe(-1);

⎯⎯⎯⎯⎯⎯⎯⎯⎯⎯⎯⎯⎯⎯⎯⎯⎯⎯⎯⎯⎯⎯⎯⎯[2/3]⎯

 FAIL  src/services/trade24hReadModel.test.ts > 24h closed-cycle native-asset PnL > attributes full cycle once by settled close time and quarantines duplicate cycle identity
AssertionError: expected { closedRows: 4, …(9) } to match object { eligibleClosedCycles: 1, …(2) }
(7 matching properties omitted from actual)

- Expected
+ Received

  {
-   "cycleCollisionRows": 2,
-   "eligibleClosedCycles": 1,
-   "excludedClosedRows": 3,
+   "cycleCollisionRows": 0,
+   "eligibleClosedCycles": 0,
+   "excludedClosedRows": 4,
  }

 ❯ src/services/trade24hReadModel.test.ts:43:29
     41|       row('dupe1','USDT',8,{cycleId:'shared'}),row('dupe2','USDT',8,{c…
     42|       row('valid','USDC',2),row('external','USDT',7,{source:'EXTERNAL'…
     43|     expect(result.coverage).toMatchObject({eligibleClosedCycles:1,cycl…
       |                             ^
     44|     expect(result.byAsset.USDC.cycles).toBe(1);
     45|     expect(result.byAsset.USDT.cycles).toBe(0);

⎯⎯⎯⎯⎯⎯⎯⎯⎯⎯⎯⎯⎯⎯⎯⎯⎯⎯⎯⎯⎯⎯⎯⎯[3/3]⎯


 Test Files  1 failed | 2 passed (3)
      Tests  3 failed | 14 passed (17)
   Start at  12:37:50
   Duration  1.12s (transform 318ms, setup 0ms, collect 952ms, tests 38ms, environment 1ms, prepare 1.22s)

(node:23112) [UNDICI-EHPA] Warning: EnvHttpProxyAgent is experimental, expect them to change at any time.
(Use `node --trace-warnings ...` to show where the warning was created)
(node:23224) [UNDICI-EHPA] Warning: EnvHttpProxyAgent is experimental, expect them to change at any time.
(Use `node --trace-warnings ...` to show where the warning was created)
npm error Lifecycle script `test` failed with error:
npm error code 1
npm error path D:\MITS-WORKTREES\v398-trade24h\apps\engine
npm error workspace @zdj/engine@3.9.8
npm error location D:\MITS-WORKTREES\v398-trade24h\apps\engine
npm error command failed
npm error command C:\Windows\system32\cmd.exe /d /s /c vitest run src/services/trade24hReadModel.test.ts src/services/exitProvenanceConflictReasons.test.ts src/services/tradeRecordReadModel.test.ts
