AAVEUSDT 4373
ARBUSDC 0
ARBUSDT 188
AVAXUSDT 7957
BCHUSDT 6237
BNBUSDC 7927
BRUSDT 1078
BTCUSDT 11168
DASHUSDT 0
DOGEUSDC 0
DOGEUSDT 3057
DOTUSDT 2299
ENAUSDT 3100
ETCUSDT 2972
ETHFIUSDC 5989
ETHFIUSDT 482
ETHUSDT 9185
FETUSDT 2446
FILUSDC 1912
FILUSDT 961
HBARUSDT 0
HYPEUSDT 0
INJUSDT 1779
LTCUSDT 2956
NEARUSDC 6854
NEARUSDT 0
ONDOUSDT 5671
OPUSDT 388
PENGUUSDT 0
SOLUSDT 7401
SUIUSDC 0
TAOUSDT 1639
TIAUSDC 511
TIAUSDT 2650
UNIUSDC 1399
UNIUSDT 3441
USELESSUSDT 3470
VIRTUALUSDT 0
VVVUSDT 2741
WIFUSDC 663
WIFUSDT 0
WLDUSDC 0
XLMUSDT 657
XRPUSDC 0
ZECUSDT 5590
ZROUSDT 496
runs 183 episodes 184 details 21
