(node:2892) [UNDICI-EHPA] Warning: EnvHttpProxyAgent is experimental, expect them to change at any time.
(Use `node --trace-warnings ...` to show where the warning was created)
(node:4296) [UNDICI-EHPA] Warning: EnvHttpProxyAgent is experimental, expect them to change at any time.
(Use `node --trace-warnings ...` to show where the warning was created)

> zdj-mits-v3@3.9.8 build
> npm run build -ws --if-present

(node:2080) [UNDICI-EHPA] Warning: EnvHttpProxyAgent is experimental, expect them to change at any time.
(Use `node --trace-warnings ...` to show where the warning was created)
(node:6796) [UNDICI-EHPA] Warning: EnvHttpProxyAgent is experimental, expect them to change at any time.
(Use `node --trace-warnings ...` to show where the warning was created)

> @zdj/contracts@3.9.8 build
> tsc -p tsconfig.json


> @zdj/core@3.9.8 build
> tsc -p tsconfig.json


> @zdj/dashboard@3.9.8 build
> vue-tsc -b && vite build

(node:25940) [UNDICI-EHPA] Warning: EnvHttpProxyAgent is experimental, expect them to change at any time.
(Use `node --trace-warnings ...` to show where the warning was created)
vite v7.3.6 building client environment for production...
transforming...
✓ 2233 modules transformed.
rendering chunks...
computing gzip size...
dist/index.html                                                                0.42 kB │ gzip:   0.30 kB
dist/assets/BrainView-C19KGV8J.css                                             0.41 kB │ gzip:   0.25 kB
dist/assets/SettingsView-jlDHV71i.css                                          4.20 kB │ gzip:   1.10 kB
dist/assets/PerformanceView-DCLGl_IR.css                                       6.60 kB │ gzip:   1.52 kB
dist/assets/index-2bhk4SYA.css                                                42.87 kB │ gzip:   9.82 kB
dist/assets/positionModel-UU3TmqIC.js                                          0.28 kB │ gzip:   0.20 kB
dist/assets/EmptyState.vue_vue_type_script_setup_true_lang-B_MKM_pm.js         0.30 kB │ gzip:   0.24 kB
dist/assets/format-BTnsUY7D.js                                                 0.37 kB │ gzip:   0.28 kB
dist/assets/Panel.vue_vue_type_script_setup_true_lang-By7CrqQx.js              0.56 kB │ gzip:   0.34 kB
dist/assets/StatusBadge.vue_vue_type_script_setup_true_lang-MIapigqJ.js        0.58 kB │ gzip:   0.40 kB
dist/assets/MemoryView-Da0So8r-.js                                             2.35 kB │ gzip:   1.18 kB
dist/assets/UniverseView-D9mI2xPe.js                                           4.95 kB │ gzip:   2.15 kB
dist/assets/HumanManagedView-W6Ji6z1k.js                                       6.89 kB │ gzip:   3.09 kB
dist/assets/PositionsView-CxK85phD.js                                          7.30 kB │ gzip:   3.15 kB
dist/assets/OrdersView-ClotiYsS.js                                             7.42 kB │ gzip:   2.74 kB
dist/assets/IntelligenceView-D6u_kVhs.js                                       7.89 kB │ gzip:   2.85 kB
dist/assets/OperationsView-DDJi2KB8.js                                         8.24 kB │ gzip:   3.42 kB
dist/assets/TemporalIntelligenceView-mEO84BfD.js                               8.25 kB │ gzip:   3.03 kB
dist/assets/PositionConsole.vue_vue_type_script_setup_true_lang-BRTgHvqW.js   13.21 kB │ gzip:   5.62 kB
dist/assets/BrainView-Bszq-yzB.js                                             15.17 kB │ gzip:   6.03 kB
dist/assets/TradeRecordsView-BGPhcn-O.js                                      23.79 kB │ gzip:   8.79 kB
dist/assets/OverviewView-DvulQ_H1.js                                          47.91 kB │ gzip:  16.12 kB
dist/assets/SettingsView-BNeou9Ww.js                                          78.31 kB │ gzip:  23.08 kB
dist/assets/index-DnHT92tU.js                                                283.94 kB │ gzip:  86.89 kB
dist/assets/PerformanceView-BOoK3F9i.js                                      545.73 kB │ gzip: 184.12 kB

(!) Some chunks are larger than 500 kB after minification. Consider:
- Using dynamic import() to code-split the application
- Use build.rollupOptions.output.manualChunks to improve chunking: https://rollupjs.org/configuration-options/#output-manualchunks
- Adjust chunk size limit for this warning via build.chunkSizeWarningLimit.
✓ built in 8.20s

> @zdj/engine@3.9.8 build
> tsc -p tsconfig.json
