(node:30272) [UNDICI-EHPA] Warning: EnvHttpProxyAgent is experimental, expect them to change at any time.
(Use `node --trace-warnings ...` to show where the warning was created)
(node:36096) [UNDICI-EHPA] Warning: EnvHttpProxyAgent is experimental, expect them to change at any time.
(Use `node --trace-warnings ...` to show where the warning was created)

> zdj-mits-v3@3.9.6 build
> npm run build -ws --if-present

(node:23420) [UNDICI-EHPA] Warning: EnvHttpProxyAgent is experimental, expect them to change at any time.
(Use `node --trace-warnings ...` to show where the warning was created)
(node:44896) [UNDICI-EHPA] Warning: EnvHttpProxyAgent is experimental, expect them to change at any time.
(Use `node --trace-warnings ...` to show where the warning was created)

> @zdj/contracts@3.9.6 build
> tsc -p tsconfig.json


> @zdj/core@3.9.6 build
> tsc -p tsconfig.json


> @zdj/dashboard@3.9.6 build
> vue-tsc -b && vite build

(node:50280) [UNDICI-EHPA] Warning: EnvHttpProxyAgent is experimental, expect them to change at any time.
(Use `node --trace-warnings ...` to show where the warning was created)
vite v7.0.4 building for production...
transforming...
✓ 1653 modules transformed.
rendering chunks...
computing gzip size...
dist/index.html                                                                0.42 kB │ gzip:  0.30 kB
dist/assets/BrainView-FQk_vGJ0.css                                             0.41 kB │ gzip:  0.25 kB
dist/assets/index-Dj05yW2Z.css                                                35.49 kB │ gzip:  8.44 kB
dist/assets/positionModel-UU3TmqIC.js                                          0.28 kB │ gzip:  0.20 kB
dist/assets/EmptyState.vue_vue_type_script_setup_true_lang-rJMhU-Pk.js         0.30 kB │ gzip:  0.24 kB
dist/assets/format-BTnsUY7D.js                                                 0.37 kB │ gzip:  0.28 kB
dist/assets/Panel.vue_vue_type_script_setup_true_lang-Bzj9c5l0.js              0.55 kB │ gzip:  0.34 kB
dist/assets/StatusBadge.vue_vue_type_script_setup_true_lang-BHsw4YUK.js        0.58 kB │ gzip:  0.40 kB
dist/assets/MemoryView-Bn2TZq_U.js                                             2.35 kB │ gzip:  1.18 kB
dist/assets/OrdersView-DSNAAAiI.js                                             4.54 kB │ gzip:  1.73 kB
dist/assets/UniverseView-CgDw_t2m.js                                           4.95 kB │ gzip:  2.15 kB
dist/assets/HumanManagedView-B2kJp-IR.js                                       5.45 kB │ gzip:  2.53 kB
dist/assets/PositionsView-iK-iwlSq.js                                          6.74 kB │ gzip:  2.91 kB
dist/assets/PositionConsole.vue_vue_type_script_setup_true_lang-lQiyM6qL.js    7.59 kB │ gzip:  3.29 kB
dist/assets/IntelligenceView-Bux2Ik-g.js                                       7.88 kB │ gzip:  2.85 kB
dist/assets/TemporalIntelligenceView-CBj-HGB2.js                               8.25 kB │ gzip:  3.03 kB
dist/assets/OperationsView-ua4LHm3T.js                                         8.53 kB │ gzip:  3.51 kB
dist/assets/BrainView-BKJgJuUK.js                                             12.22 kB │ gzip:  4.70 kB
dist/assets/TradeRecordsView-BsjL4V57.js                                      16.36 kB │ gzip:  6.20 kB
dist/assets/OverviewView-BkWGvV-9.js                                          29.14 kB │ gzip: 10.40 kB
dist/assets/SettingsView--WCHbYJC.js                                          56.40 kB │ gzip: 15.84 kB
dist/assets/index-DRNN8Jj7.js                                                266.44 kB │ gzip: 79.82 kB
✓ built in 3.11s

> @zdj/engine@3.9.6 build
> tsc -p tsconfig.json
