{
  "first": 1791452774986,
  "last": 1791452879965,
  "completeCycles": 6,
  "phases": {
    "reservationCleanup": {
      "n": 6,
      "min": 4.310200000007171,
      "max": 8.181900000025053,
      "mean": 6.123566666671347,
      "p95": 6.577799999999115
    },
    "remote.initialReads": {
      "n": 6,
      "min": 534.5461999999825,
      "max": 4525.593999999983,
      "mean": 1361.2405499999975,
      "p95": 1459.3436999999976
    },
    "remoteCompletionToApply": {
      "n": 6,
      "min": 0.9755000000004657,
      "max": 2.044900000008056,
      "mean": 1.5725833333369035,
      "p95": 1.74820000003092
    },
    "listener.TradingQuality.Other": {
      "n": 6,
      "min": 1.822100000048522,
      "max": 44.02589999992051,
      "mean": 26.669566666678293,
      "p95": 30.33820000005653
    },
    "runtime.eventPersistence": {
      "n": 6,
      "min": 11.633499999996275,
      "max": 31.508700000093086,
      "mean": 19.38438333334246,
      "p95": 22.214800000016112
    },
    "listener.RuntimePersistence.Other": {
      "n": 6,
      "min": 20.22500000015134,
      "max": 41.80239999992773,
      "mean": 26.543516666686628,
      "p95": 26.46369999993476
    },
    "eventBus.genericListeners": {
      "n": 6,
      "min": 579.4725999999209,
      "max": 704.8543000000645,
      "mean": 635.8424499999674,
      "p95": 675.2219999999797
    },
    "eventBus.typedListeners": {
      "n": 6,
      "min": 0.010999999940395355,
      "max": 0.01639999999315478,
      "mean": 0.013733333340496756,
      "p95": 0.015900000056717545
    },
    "journal.manual.serialize": {
      "n": 6,
      "min": 0.030599999998230487,
      "max": 0.037499999918509275,
      "mean": 0.033916666657508664,
      "p95": 0.036699999967822805
    },
    "journal.manual.sqliteWrite": {
      "n": 6,
      "min": 2.521300000080373,
      "max": 10.232699999993201,
      "mean": 7.059366666692465,
      "p95": 10.18680000002496
    },
    "journal.manual": {
      "n": 6,
      "min": 2.578899999964051,
      "max": 10.303500000096392,
      "mean": 7.1241666666707415,
      "p95": 10.250099999946542
    },
    "claimStats": {
      "n": 6,
      "min": 0.11670000001322478,
      "max": 6.586200000019744,
      "mean": 4.363216666674513,
      "p95": 6.451700000005076
    },
    "applicationBeforeCompletion": {
      "n": 6,
      "min": 2527.114199999982,
      "max": 9490.968400000012,
      "mean": 5412.922300000001,
      "p95": 7365.670199999993
    },
    "listener.TradingQuality.Completion": {
      "n": 6,
      "min": 526.0588999999745,
      "max": 626.213699999993,
      "mean": 578.5769999999902,
      "p95": 613.1498999999894
    },
    "journal.entry.serialize": {
      "n": 6,
      "min": 0.15570000003208406,
      "max": 0.479700000025332,
      "mean": 0.2831500000320375,
      "p95": 0.38460000007762574
    },
    "journal.entry.sqliteWrite": {
      "n": 6,
      "min": 0.18480000001727603,
      "max": 6.216800000023795,
      "mean": 2.625450000006822,
      "p95": 5.638600000005681
    },
    "journal.entry": {
      "n": 6,
      "min": 0.5218000000168104,
      "max": 6.786600000021281,
      "mean": 3.3003999999976563,
      "p95": 6.007900000025984
    },
    "entry.persistenceFanout": {
      "n": 6,
      "min": 0.5452999999979511,
      "max": 6.819099999993341,
      "mean": 3.332149999992301,
      "p95": 6.042700000019977
    },
    "manual.persistenceFanout": {
      "n": 6,
      "min": 0.07459999999264255,
      "max": 0.136400000017602,
      "mean": 0.0999333333359876,
      "p95": 0.11050000000977889
    },
    "listener.RuntimePersistence.Completion": {
      "n": 6,
      "min": 0.6535999999905471,
      "max": 6.945899999991525,
      "mean": 3.465683333323492,
      "p95": 6.184999999997672
    },
    "completionPublish": {
      "n": 6,
      "min": 530.3390000000072,
      "max": 637.780700000003,
      "mean": 586.4021999999968,
      "p95": 623.9113999999827
    }
  },
  "counts": {
    "manualJournalSaveCalls": {
      "n": 6,
      "min": 4,
      "max": 4,
      "mean": 4,
      "p95": 4,
      "sum": 24
    },
    "manualJournalSqlChangedRows": {
      "n": 6,
      "min": 2,
      "max": 2,
      "mean": 2,
      "p95": 2,
      "sum": 12
    },
    "claimStatsChangedIds": {
      "n": 5,
      "min": 1,
      "max": 7,
      "mean": 3.6,
      "p95": 5,
      "sum": 18
    },
    "entryJournalSaveCalls": {
      "n": 6,
      "min": 2,
      "max": 4,
      "mean": 3,
      "p95": 3,
      "sum": 18
    },
    "entryJournalSqlChangedRows": {
      "n": 6,
      "min": 0,
      "max": 3,
      "mean": 1,
      "p95": 2,
      "sum": 6
    }
  },
  "caveat": "Inclusive wall time, not additive/exclusive CPU. Bounded64 cycles; absent natural behavior UNKNOWN."
}
