(node:12256) [UNDICI-EHPA] Warning: EnvHttpProxyAgent is experimental, expect them to change at any time.
(Use `node --trace-warnings ...` to show where the warning was created)
(node:21764) [UNDICI-EHPA] Warning: EnvHttpProxyAgent is experimental, expect them to change at any time.
(Use `node --trace-warnings ...` to show where the warning was created)

> zdj-mits-v3@3.9.8 build
> npm run build -ws --if-present

(node:18088) [UNDICI-EHPA] Warning: EnvHttpProxyAgent is experimental, expect them to change at any time.
(Use `node --trace-warnings ...` to show where the warning was created)
(node:13340) [UNDICI-EHPA] Warning: EnvHttpProxyAgent is experimental, expect them to change at any time.
(Use `node --trace-warnings ...` to show where the warning was created)

> @zdj/contracts@3.9.8 build
> tsc -p tsconfig.json


> @zdj/core@3.9.8 build
> tsc -p tsconfig.json


> @zdj/dashboard@3.9.8 build
> vue-tsc -b && vite build

(node:4624) [UNDICI-EHPA] Warning: EnvHttpProxyAgent is experimental, expect them to change at any time.
(Use `node --trace-warnings ...` to show where the warning was created)
vite v7.3.6 building client environment for production...
transforming...
✓ 2246 modules transformed.
rendering chunks...
computing gzip size...
dist/index.html                                                                0.42 kB │ gzip:   0.30 kB
dist/assets/financePerformance-CX0A5Y6c.css                                    0.27 kB │ gzip:   0.19 kB
dist/assets/BrainView-C19KGV8J.css                                             0.41 kB │ gzip:   0.25 kB
dist/assets/SettingsView-jlDHV71i.css                                          4.20 kB │ gzip:   1.10 kB
dist/assets/PerformanceView-BmI8qEi-.css                                       6.33 kB │ gzip:   1.42 kB
dist/assets/OverviewView-CGDHcNOF.css                                          9.15 kB │ gzip:   1.98 kB
dist/assets/index-Cp_LwitK.css                                                44.05 kB │ gzip:  10.05 kB
dist/assets/positionModel-UU3TmqIC.js                                          0.28 kB │ gzip:   0.20 kB
dist/assets/EmptyState.vue_vue_type_script_setup_true_lang-CodioSGg.js         0.30 kB │ gzip:   0.24 kB
dist/assets/format-BTnsUY7D.js                                                 0.37 kB │ gzip:   0.28 kB
dist/assets/Panel.vue_vue_type_script_setup_true_lang-B40X7-EV.js              0.56 kB │ gzip:   0.34 kB
dist/assets/StatusBadge.vue_vue_type_script_setup_true_lang-ayyhGlyX.js        0.58 kB │ gzip:   0.40 kB
dist/assets/MemoryView-gnBU1IXF.js                                             2.35 kB │ gzip:   1.18 kB
dist/assets/UniverseView-x62uDcSg.js                                           4.95 kB │ gzip:   2.14 kB
dist/assets/HumanManagedView-iNhdN9Yo.js                                       6.89 kB │ gzip:   3.10 kB
dist/assets/PositionsView-yDY6qKLr.js                                          7.30 kB │ gzip:   3.15 kB
dist/assets/OrdersView-CgP4kzlo.js                                             7.42 kB │ gzip:   2.74 kB
dist/assets/IntelligenceView-CqHzY6bW.js                                       7.88 kB │ gzip:   2.85 kB
dist/assets/TemporalIntelligenceView-B2YbesHK.js                               8.24 kB │ gzip:   3.03 kB
dist/assets/OperationsView-WnSIYWmX.js                                         8.24 kB │ gzip:   3.42 kB
dist/assets/PositionConsole.vue_vue_type_script_setup_true_lang-CQWYtVsi.js   13.21 kB │ gzip:   5.62 kB
dist/assets/BrainView-Z5Sio-U1.js                                             15.17 kB │ gzip:   6.04 kB
dist/assets/PerformanceView-CLvE-gDc.js                                       17.05 kB │ gzip:   7.19 kB
dist/assets/TradeRecordsView-dN-bmcEO.js                                      23.79 kB │ gzip:   8.79 kB
dist/assets/OverviewView-D59Y2oyg.js                                          70.04 kB │ gzip:  23.06 kB
dist/assets/SettingsView-CVxG7ikT.js                                          78.31 kB │ gzip:  23.09 kB
dist/assets/index-CkMWtcSo.js                                                292.72 kB │ gzip:  90.81 kB
dist/assets/financePerformance-DzEtOPC9.js                                   523.04 kB │ gzip: 175.15 kB

(!) Some chunks are larger than 500 kB after minification. Consider:
- Using dynamic import() to code-split the application
- Use build.rollupOptions.output.manualChunks to improve chunking: https://rollupjs.org/configuration-options/#output-manualchunks
- Adjust chunk size limit for this warning via build.chunkSizeWarningLimit.
✓ built in 10.96s

> @zdj/engine@3.9.8 build
> tsc -p tsconfig.json

