

port                  :
pid                   :
model                 :
physicalIndex         :
gpuEnvironmentMatches :
creationMatches       :
inferenceMs           :

port                  :
pid                   :
model                 :
physicalIndex         :
gpuEnvironmentMatches :
creationMatches       :
inferenceMs           :

port                  :
pid                   :
model                 :
physicalIndex         :
gpuEnvironmentMatches :
creationMatches       :
inferenceMs           :
