(node:19292) [UNDICI-EHPA] Warning: EnvHttpProxyAgent is experimental, expect them to change at any time.
(Use `node --trace-warnings ...` to show where the warning was created)
(node:5316) [UNDICI-EHPA] Warning: EnvHttpProxyAgent is experimental, expect them to change at any time.
(Use `node --trace-warnings ...` to show where the warning was created)

> @zdj/dashboard@3.9.7 build
> vue-tsc -b && vite build

(node:41036) [UNDICI-EHPA] Warning: EnvHttpProxyAgent is experimental, expect them to change at any time.
(Use `node --trace-warnings ...` to show where the warning was created)
vite v7.3.6 building client environment for production...
transforming...
✓ 1669 modules transformed.
rendering chunks...
computing gzip size...
dist/index.html                                                                0.42 kB │ gzip:  0.30 kB
dist/assets/BrainView-BCyTbNve.css                                             0.41 kB │ gzip:  0.25 kB
dist/assets/SettingsView-CMZUtQtU.css                                          4.20 kB │ gzip:  1.10 kB
dist/assets/index-2bhk4SYA.css                                                42.87 kB │ gzip:  9.82 kB
dist/assets/positionModel-UU3TmqIC.js                                          0.28 kB │ gzip:  0.20 kB
dist/assets/EmptyState.vue_vue_type_script_setup_true_lang-D1twJDsd.js         0.30 kB │ gzip:  0.24 kB
dist/assets/format-BTnsUY7D.js                                                 0.37 kB │ gzip:  0.28 kB
dist/assets/Panel.vue_vue_type_script_setup_true_lang-crqE_2Yv.js              0.56 kB │ gzip:  0.35 kB
dist/assets/StatusBadge.vue_vue_type_script_setup_true_lang-BpgPzYDq.js        0.58 kB │ gzip:  0.40 kB
dist/assets/MemoryView-ocYPFem9.js                                             2.35 kB │ gzip:  1.18 kB
dist/assets/UniverseView-jPqpdPLS.js                                           4.95 kB │ gzip:  2.14 kB
dist/assets/HumanManagedView-P1mcMbIY.js                                       6.89 kB │ gzip:  3.09 kB
dist/assets/PositionsView-C5rfRvSo.js                                          7.30 kB │ gzip:  3.15 kB
dist/assets/OrdersView-C4dNFAjS.js                                             7.42 kB │ gzip:  2.74 kB
dist/assets/IntelligenceView-CpEhSRpi.js                                       7.89 kB │ gzip:  2.85 kB
dist/assets/OperationsView-DEMSs9DT.js                                         8.24 kB │ gzip:  3.42 kB
dist/assets/TemporalIntelligenceView-afXp11gD.js                               8.25 kB │ gzip:  3.03 kB
dist/assets/PositionConsole.vue_vue_type_script_setup_true_lang-Bynbpr33.js   13.19 kB │ gzip:  5.61 kB
dist/assets/BrainView-C2AhA53Q.js                                             14.86 kB │ gzip:  5.93 kB
dist/assets/TradeRecordsView-CsZ_pkGm.js                                      16.96 kB │ gzip:  6.26 kB
dist/assets/OverviewView-CbMygha7.js                                          48.52 kB │ gzip: 16.20 kB
dist/assets/SettingsView-CJns8SdB.js                                          73.30 kB │ gzip: 21.07 kB
dist/assets/index-BapMVWHE.js                                                275.35 kB │ gzip: 84.30 kB
✓ built in 3.22s
